// Jest Snapshot v1, https://goo.gl/fbAQLP

exports[`should render ReadingList 1`] = `
<div
  className="list-item-container"
>
  <li
    className="list-item"
  >
    <a
      className="list-view"
      href="/current-list"
      onClick={[Function]}
    >
      <h2
        className="list-name"
      >
        none
         (
        0
        )
      </h2>
    </a>
    <button
      className="update"
      onClick={[Function]}
    />
    <button
      className="remove"
      onClick={[Function]}
    />
    <input
      autoFocus={true}
      className="list-item-edit"
      data-id="none"
      defaultValue="none"
      onBlur={[Function]}
      onKeyDown={[Function]}
      placeholder="Enter a new name"
    />
  </li>
</div>
`;
