// Jest Snapshot v1, https://goo.gl/fbAQLP

exports[`renders a snapshot 1`] = `
<div>
  <div
    className="App"
  >
    <a
      className="Reading-lists"
      href="/"
      onClick={[Function]}
    >
      <div
        className="col nav"
      >
        <ul
          className="nav-list"
        >
          <li>
            <div
              className="header"
            >
              <h1
                className="title"
              >
                Reading Lists
              </h1>
            </div>
          </li>
        </ul>
      </div>
    </a>
    <div
      className="wrapper"
    >
      <ul
        className="list"
      >
        <div
          className="new-list-container"
        >
          <form
            className="new-list-form"
            onSubmit={[Function]}
          >
            <input
              className="new-list-input"
              placeholder="Create a new list"
              type="text"
            />
          </form>
        </div>
        <div
          className="notify"
        >
          
        </div>
      </ul>
    </div>
  </div>
</div>
`;
